
*3:read ctrl-file: ../../CRuntimeJavalike/ReflectionBlockedTypes.ctr
*4:== Report ParserStore  ==
*4:parseResult:   [0..184]<...?ReflectionTypes>  syntax=? input=0..0(1, 0)
*4:parseResult:    [1..4]<...?reflectionType>  syntax=? input=0..0(1, 0)
*4:parseResult:     [2]<...?sign>  syntax=? input=0..0(1, 0) read: "="
*4:parseResult:     [3]<...?type> string:"uint" syntax=? input=-1..-1(-1, -1) read: "uint"
*4:parseResult:     [4]<...?deftype> identifier:int32 syntax=$ input=0..0(0, 0)
*4:parseResult:    [5..8]<...?reflectionType>  syntax=? input=0..0(1, 0)
*4:parseResult:     [6]<...?sign>  syntax=? input=0..0(1, 0) read: "="
*4:parseResult:     [7]<...?type> string:"long" syntax=? input=-1..-1(-1, -1) read: "long"
*4:parseResult:     [8]<...?deftype> identifier:int32 syntax=$ input=0..0(0, 0)
*4:parseResult:    [9..12]<...?reflectionType>  syntax=? input=0..0(1, 0)
*4:parseResult:     [10]<...?sign>  syntax=? input=0..0(1, 0) read: "="
*4:parseResult:     [11]<...?type> string:"short" syntax=? input=-1..-1(-1, -1) read: "short"
*4:parseResult:     [12]<...?deftype> identifier:int16 syntax=$ input=0..0(0, 0)
*4:parseResult:    [13..16]<...?reflectionType>  syntax=? input=0..0(1, 0)
*4:parseResult:     [14]<...?sign>  syntax=? input=0..0(1, 0) read: "="
*4:parseResult:     [15]<...?type> string:"int16BigEndian" syntax=? input=-1..-1(-1, -1) read: "int16BigEndian"
*4:parseResult:     [16]<...?deftype> identifier:int16 syntax=$ input=0..0(0, 0)
*4:parseResult:    [17..20]<...?reflectionType>  syntax=? input=0..0(1, 0)
*4:parseResult:     [18]<...?sign>  syntax=? input=0..0(1, 0) read: "="
*4:parseResult:     [19]<...?type> string:"int32BigEndian" syntax=? input=-1..-1(-1, -1) read: "int32BigEndian"
*4:parseResult:     [20]<...?deftype> identifier:int32 syntax=$ input=0..0(0, 0)
*4:parseResult:    [21..24]<...?reflectionType>  syntax=? input=0..0(1, 0)
*4:parseResult:     [22]<...?sign>  syntax=? input=0..0(1, 0) read: "="
*4:parseResult:     [23]<...?type> string:"floatBigEndian" syntax=? input=-1..-1(-1, -1) read: "floatBigEndian"
*4:parseResult:     [24]<...?deftype> identifier:int32 syntax=$ input=0..0(0, 0)
*4:parseResult:    [25..28]<...?reflectionType>  syntax=? input=0..0(1, 0)
*4:parseResult:     [26]<...?sign>  syntax=? input=0..0(1, 0) read: "="
*4:parseResult:     [27]<...?type> string:"doubleBigEndian" syntax=? input=-1..-1(-1, -1) read: "doubleBigEndian"
*4:parseResult:     [28]<...?deftype> identifier:int64 syntax=$ input=0..0(0, 0)
*4:parseResult:    [29..32]<...?reflectionType>  syntax=? input=0..0(1, 0)
*4:parseResult:     [30]<...?sign>  syntax=? input=0..0(1, 0) read: "="
*4:parseResult:     [31]<...?type> string:"OS_SOCKET" syntax=? input=-1..-1(-1, -1) read: "OS_SOCKET"
*4:parseResult:     [32]<...?deftype> identifier:int syntax=$ input=0..0(0, 0)
*4:parseResult:    [33..36]<...?reflectionType>  syntax=? input=0..0(1, 0)
*4:parseResult:     [34]<...?sign>  syntax=? input=0..0(1, 0) read: "="
*4:parseResult:     [35]<...?type> string:"OS_Mutex" syntax=? input=-1..-1(-1, -1) read: "OS_Mutex"
*4:parseResult:     [36]<...?deftype> identifier:int syntax=$ input=0..0(0, 0)
*4:parseResult:    [37..40]<...?reflectionType>  syntax=? input=0..0(1, 0)
*4:parseResult:     [38]<...?sign>  syntax=? input=0..0(1, 0) read: "="
*4:parseResult:     [39]<...?type> string:"OS_HandleFile" syntax=? input=-1..-1(-1, -1) read: "OS_HandleFile"
*4:parseResult:     [40]<...?deftype> identifier:void syntax=$ input=0..0(0, 0)
*4:parseResult:    [41..44]<...?reflectionType>  syntax=? input=0..0(1, 0)
*4:parseResult:     [42]<...?sign>  syntax=? input=0..0(1, 0) read: "="
*4:parseResult:     [43]<...?type> string:"ObjectRefValuesJc" syntax=? input=-1..-1(-1, -1) read: "ObjectRefValuesJc"
*4:parseResult:     [44]<...?deftype> identifier:int32 syntax=$ input=0..0(0, 0)
*4:parseResult:    [45..48]<...?reflectionType>  syntax=? input=0..0(1, 0)
*4:parseResult:     [46]<...?sign>  syntax=? input=0..0(1, 0) read: "="
*4:parseResult:     [47]<...?type> string:"OutputStreamJcREF" syntax=? input=-1..-1(-1, -1) read: "OutputStreamJcREF"
*4:parseResult:     [48]<...?deftype> identifier:ObjectJcREF syntax=$ input=0..0(0, 0)
*4:parseResult:    [49..52]<...?reflectionType>  syntax=? input=0..0(1, 0)
*4:parseResult:     [50]<...?sign>  syntax=? input=0..0(1, 0) read: "="
*4:parseResult:     [51]<...?type> string:"OS_TimeStruct" syntax=? input=-1..-1(-1, -1) read: "OS_TimeStruct"
*4:parseResult:     [52]<...?deftype> identifier:OS_TimeStamp syntax=$ input=0..0(0, 0)
*4:parseResult:    [53..56]<...?reflectionType>  syntax=? input=0..0(1, 0)
*4:parseResult:     [54]<...?sign>  syntax=? input=0..0(1, 0) read: "="
*4:parseResult:     [55]<...?type> string:"MemC" syntax=? input=-1..-1(-1, -1) read: "MemC"
*4:parseResult:     [56]<...?deftype> identifier:OS_PtrValue syntax=$ input=0..0(0, 0)
*4:parseResult:    [57..60]<...?reflectionType>  syntax=? input=0..0(1, 0)
*4:parseResult:     [58]<...?sign>  syntax=? input=0..0(1, 0) read: "="
*4:parseResult:     [59]<...?type> string:"va_list" syntax=? input=-1..-1(-1, -1) read: "va_list"
*4:parseResult:     [60]<...?deftype> identifier:void syntax=$ input=0..0(0, 0)
*4:parseResult:    [61..64]<...?reflectionType>  syntax=? input=0..0(1, 0)
*4:parseResult:     [62]<...?sign>  syntax=? input=0..0(1, 0) read: "="
*4:parseResult:     [63]<...?type> string:"NodePoolJc" syntax=? input=-1..-1(-1, -1) read: "NodePoolJc"
*4:parseResult:     [64]<...?deftype> identifier:void syntax=$ input=0..0(0, 0)
*4:parseResult:    [65..68]<...?reflectionType>  syntax=? input=0..0(1, 0)
*4:parseResult:     [66]<...?sign>  syntax=? input=0..0(1, 0) read: "@"
*4:parseResult:     [67]<...?type> string:"Size_Mtbl_t" syntax=? input=-1..-1(-1, -1) read: "Size_Mtbl_t"
*4:parseResult:     [68]<...?deftype> identifier:void syntax=$ input=0..0(0, 0)
*4:parseResult:    [69..72]<...?reflectionType>  syntax=? input=0..0(1, 0)
*4:parseResult:     [70]<...?sign>  syntax=? input=0..0(1, 0) read: "@"
*4:parseResult:     [71]<...?type> string:"ThreadContextFW_t" syntax=? input=-1..-1(-1, -1) read: "ThreadContextFW_t"
*4:parseResult:     [72]<...?deftype> identifier:ThreadContextFW_s syntax=$ input=0..0(0, 0)
*4:parseResult:    [73..76]<...?reflectionType>  syntax=? input=0..0(1, 0)
*4:parseResult:     [74]<...?sign>  syntax=? input=0..0(1, 0) read: "@"
*4:parseResult:     [75]<...?type> string:"LogMessageFW_t" syntax=? input=-1..-1(-1, -1) read: "LogMessageFW_t"
*4:parseResult:     [76]<...?deftype> identifier:LogMessageFW_i syntax=$ input=0..0(0, 0)
*4:parseResult:    [77..80]<...?reflectionType>  syntax=? input=0..0(1, 0)
*4:parseResult:     [78]<...?sign>  syntax=? input=0..0(1, 0) read: "@"
*4:parseResult:     [79]<...?type> string:"Comm_Inspc_t" syntax=? input=-1..-1(-1, -1) read: "Comm_Inspc_t"
*4:parseResult:     [80]<...?deftype> identifier:Comm_Inspc_s syntax=$ input=0..0(0, 0)
*4:parseResult:    [81..84]<...?reflectionType>  syntax=? input=0..0(1, 0)
*4:parseResult:     [82]<...?sign>  syntax=? input=0..0(1, 0) read: "@"
*4:parseResult:     [83]<...?type> string:"CmdConsumer_ifcInspc_t" syntax=? input=-1..-1(-1, -1) read: "CmdConsumer_ifcInspc_t"
*4:parseResult:     [84]<...?deftype> identifier:CmdConsumer_ifcInspc_s syntax=$ input=0..0(0, 0)
*4:parseResult:    [85..88]<...?reflectionType>  syntax=? input=0..0(1, 0)
*4:parseResult:     [86]<...?sign>  syntax=? input=0..0(1, 0) read: "@"
*4:parseResult:     [87]<...?type> string:"Broker_OBM_t" syntax=? input=-1..-1(-1, -1) read: "Broker_OBM_t"
*4:parseResult:     [88]<...?deftype> identifier:Broker_OBM_s syntax=$ input=0..0(0, 0)
*4:parseResult:    [89..91]<...?reflectionType>  syntax=? input=0..0(1, 0)
*4:parseResult:     [90]<...?sign>  syntax=? input=0..0(1, 0) read: "-"
*4:parseResult:     [91]<...?type> string:"Fwc/Reflection_Fwc.h" syntax=? input=-1..-1(-1, -1) read: "Fwc/Reflection_Fwc.h"
*4:parseResult:    [92..94]<...?reflectionType>  syntax=? input=0..0(1, 0)
*4:parseResult:     [93]<...?sign>  syntax=? input=0..0(1, 0) read: "-"
*4:parseResult:     [94]<...?type> string:"Jc/Reflection_Jc.h" syntax=? input=-1..-1(-1, -1) read: "Jc/Reflection_Jc.h"
*4:parseResult:    [95..97]<...?reflectionType>  syntax=? input=0..0(1, 0)
*4:parseResult:     [96]<...?sign>  syntax=? input=0..0(1, 0) read: "-"
*4:parseResult:     [97]<...?type> string:"BlockHeap/Reflection_BlockHeap.h" syntax=? input=-1..-1(-1, -1) read: "BlockHeap/Reflection_BlockHeap.h"
*4:parseResult:    [98..100]<...?reflectionType>  syntax=? input=0..0(1, 0)
*4:parseResult:     [99]<...?sign>  syntax=? input=0..0(1, 0) read: "-"
*4:parseResult:     [100]<...?type> string:"Jc/ObjectRefJc.h" syntax=? input=-1..-1(-1, -1) read: "Jc/ObjectRefJc.h"
*4:parseResult:    [101..103]<...?reflectionType>  syntax=? input=0..0(1, 0)
*4:parseResult:     [102]<...?sign>  syntax=? input=0..0(1, 0) read: "-"
*4:parseResult:     [103]<...?type> string:"Jc/StringJc.h" syntax=? input=-1..-1(-1, -1) read: "Jc/StringJc.h"
*4:parseResult:    [104..106]<...?reflectionType>  syntax=? input=0..0(1, 0)
*4:parseResult:     [105]<...?sign>  syntax=? input=0..0(1, 0) read: "-"
*4:parseResult:     [106]<...?type> string:"Jc/StringBufferJc.h" syntax=? input=-1..-1(-1, -1) read: "Jc/StringBufferJc.h"
*4:parseResult:    [107..109]<...?reflectionType>  syntax=? input=0..0(1, 0)
*4:parseResult:     [108]<...?sign>  syntax=? input=0..0(1, 0) read: "#"
*4:parseResult:     [109]<...?type> string:"NodePoolJc" syntax=? input=-1..-1(-1, -1) read: "NodePoolJc"
*4:parseResult:    [110..112]<...?reflectionType>  syntax=? input=0..0(1, 0)
*4:parseResult:     [111]<...?sign>  syntax=? input=0..0(1, 0) read: "#"
*4:parseResult:     [112]<...?type> string:"OS_HandleThread" syntax=? input=-1..-1(-1, -1) read: "OS_HandleThread"
*4:parseResult:    [113..115]<...?reflectionType>  syntax=? input=0..0(1, 0)
*4:parseResult:     [114]<...?sign>  syntax=? input=0..0(1, 0) read: "#"
*4:parseResult:     [115]<...?type> string:"OS_HandleEvent" syntax=? input=-1..-1(-1, -1) read: "OS_HandleEvent"
*4:parseResult:    [116..118]<...?reflectionType>  syntax=? input=0..0(1, 0)
*4:parseResult:     [117]<...?sign>  syntax=? input=0..0(1, 0) read: "#"
*4:parseResult:     [118]<...?type> string:"OS_ThreadRoutine" syntax=? input=-1..-1(-1, -1) read: "OS_ThreadRoutine"
*4:parseResult:    [119..121]<...?reflectionType>  syntax=? input=0..0(1, 0)
*4:parseResult:     [120]<...?sign>  syntax=? input=0..0(1, 0) read: "#"
*4:parseResult:     [121]<...?type> string:"WriteArea_ConcurrentRingBufferJc" syntax=? input=-1..-1(-1, -1) read: "WriteArea_ConcurrentRingBufferJc"
*4:parseResult:    [122..124]<...?reflectionType>  syntax=? input=0..0(1, 0)
*4:parseResult:     [123]<...?sign>  syntax=? input=0..0(1, 0) read: "#"
*4:parseResult:     [124]<...?type> string:"ITEM_QueueJcREF" syntax=? input=-1..-1(-1, -1) read: "ITEM_QueueJcREF"
*4:parseResult:    [125..127]<...?reflectionType>  syntax=? input=0..0(1, 0)
*4:parseResult:     [126]<...?sign>  syntax=? input=0..0(1, 0) read: "#"
*4:parseResult:     [127]<...?type> string:"string" syntax=? input=-1..-1(-1, -1) read: "string"
*4:parseResult:    [128..130]<...?reflectionType>  syntax=? input=0..0(1, 0)
*4:parseResult:     [129]<...?sign>  syntax=? input=0..0(1, 0) read: "#"
*4:parseResult:     [130]<...?type> string:"FILE" syntax=? input=-1..-1(-1, -1) read: "FILE"
*4:parseResult:    [131..133]<...?reflectionType>  syntax=? input=0..0(1, 0)
*4:parseResult:     [132]<...?sign>  syntax=? input=0..0(1, 0) read: "#"
*4:parseResult:     [133]<...?type> string:"iINI_parser" syntax=? input=-1..-1(-1, -1) read: "iINI_parser"
*4:parseResult:    [134..136]<...?reflectionType>  syntax=? input=0..0(1, 0)
*4:parseResult:     [135]<...?sign>  syntax=? input=0..0(1, 0) read: "#"
*4:parseResult:     [136]<...?type> string:"MemAreaC" syntax=? input=-1..-1(-1, -1) read: "MemAreaC"
*4:parseResult:    [137..139]<...?reflectionType>  syntax=? input=0..0(1, 0)
*4:parseResult:     [138]<...?sign>  syntax=? input=0..0(1, 0) read: "#"
*4:parseResult:     [139]<...?type> string:"MemUnit" syntax=? input=-1..-1(-1, -1) read: "MemUnit"
*4:parseResult:    [140..142]<...?reflectionType>  syntax=? input=0..0(1, 0)
*4:parseResult:     [141]<...?sign>  syntax=? input=0..0(1, 0) read: "#"
*4:parseResult:     [142]<...?type> string:"Void_MethodVoid" syntax=? input=-1..-1(-1, -1) read: "Void_MethodVoid"
*4:parseResult:    [143..145]<...?reflectionType>  syntax=? input=0..0(1, 0)
*4:parseResult:     [144]<...?sign>  syntax=? input=0..0(1, 0) read: "#"
*4:parseResult:     [145]<...?type> string:"Type_Method_Jc" syntax=? input=-1..-1(-1, -1) read: "Type_Method_Jc"
*4:parseResult:    [146..148]<...?reflectionType>  syntax=? input=0..0(1, 0)
*4:parseResult:     [147]<...?sign>  syntax=? input=0..0(1, 0) read: "#"
*4:parseResult:     [148]<...?type> string:"Object__VoidMethod" syntax=? input=-1..-1(-1, -1) read: "Object__VoidMethod"
*4:parseResult:    [149..151]<...?reflectionType>  syntax=? input=0..0(1, 0)
*4:parseResult:     [150]<...?sign>  syntax=? input=0..0(1, 0) read: "#"
*4:parseResult:     [151]<...?type> string:"Method_Jcad" syntax=? input=-1..-1(-1, -1) read: "Method_Jcad"
*4:parseResult:    [152..154]<...?reflectionType>  syntax=? input=0..0(1, 0)
*4:parseResult:     [153]<...?sign>  syntax=? input=0..0(1, 0) read: "#"
*4:parseResult:     [154]<...?type> string:"Mtbl_ObjectJc" syntax=? input=-1..-1(-1, -1) read: "Mtbl_ObjectJc"
*4:parseResult:    [155..157]<...?reflectionType>  syntax=? input=0..0(1, 0)
*4:parseResult:     [156]<...?sign>  syntax=? input=0..0(1, 0) read: "#"
*4:parseResult:     [157]<...?type> string:"ClassOffset_idxMtblJcARRAY" syntax=? input=-1..-1(-1, -1) read: "ClassOffset_idxMtblJcARRAY"
*4:parseResult:    [158..160]<...?reflectionType>  syntax=? input=0..0(1, 0)
*4:parseResult:     [159]<...?sign>  syntax=? input=0..0(1, 0) read: "#"
*4:parseResult:     [160]<...?type> string:"MethodJcARRAY" syntax=? input=-1..-1(-1, -1) read: "MethodJcARRAY"
*4:parseResult:    [161..163]<...?reflectionType>  syntax=? input=0..0(1, 0)
*4:parseResult:     [162]<...?sign>  syntax=? input=0..0(1, 0) read: "#"
*4:parseResult:     [163]<...?type> string:"FieldJcArray" syntax=? input=-1..-1(-1, -1) read: "FieldJcArray"
*4:parseResult:    [164..166]<...?reflectionType>  syntax=? input=0..0(1, 0)
*4:parseResult:     [165]<...?sign>  syntax=? input=0..0(1, 0) read: "#"
*4:parseResult:     [166]<...?type> string:"Type_MethodJc" syntax=? input=-1..-1(-1, -1) read: "Type_MethodJc"
*4:parseResult:    [167..169]<...?reflectionType>  syntax=? input=0..0(1, 0)
*4:parseResult:     [168]<...?sign>  syntax=? input=0..0(1, 0) read: "#"
*4:parseResult:     [169]<...?type> string:"BlockHeapJc" syntax=? input=-1..-1(-1, -1) read: "BlockHeapJc"
*4:parseResult:    [170..172]<...?reflectionType>  syntax=? input=0..0(1, 0)
*4:parseResult:     [171]<...?sign>  syntax=? input=0..0(1, 0) read: "#"
*4:parseResult:     [172]<...?type> string:"ObjectJcREF" syntax=? input=-1..-1(-1, -1) read: "ObjectJcREF"
*4:parseResult:    [173..175]<...?reflectionType>  syntax=? input=0..0(1, 0)
*4:parseResult:     [174]<...?sign>  syntax=? input=0..0(1, 0) read: "#"
*4:parseResult:     [175]<...?type> string:"ObjectJcREF_t" syntax=? input=-1..-1(-1, -1) read: "ObjectJcREF_t"
*4:parseResult:    [176..178]<...?reflectionType>  syntax=? input=0..0(1, 0)
*4:parseResult:     [177]<...?sign>  syntax=? input=0..0(1, 0) read: "-"
*4:parseResult:     [178]<...?type> string:"RunnableJcREF" syntax=? input=-1..-1(-1, -1) read: "RunnableJcREF"
*4:parseResult:    [179..181]<...?reflectionType>  syntax=? input=0..0(1, 0)
*4:parseResult:     [180]<...?sign>  syntax=? input=0..0(1, 0) read: "-"
*4:parseResult:     [181]<...?type> string:"StringBufferJcREF" syntax=? input=-1..-1(-1, -1) read: "StringBufferJcREF"
*4:parseResult:    [182..184]<...?reflectionType>  syntax=? input=0..0(1, 0)
*4:parseResult:     [183]<...?sign>  syntax=? input=0..0(1, 0) read: "-"
*4:parseResult:     [184]<...?type> string:"StringBufferJc" syntax=? input=-1..-1(-1, -1) read: "StringBufferJc"
*3:generate from Main.h...
*4:== Report ParserStore  ==
*4:parseResult:   [0..33]<...?Cheader>  syntax=? input=0..0(1, 0)
*4:parseResult:    [1]<...?HeaderEntry> identifier:__Main_h__ syntax=$ input=0..0(0, 0)
*4:parseResult:    [2]<...?HeaderEntryDef> identifier:__Main_h__ syntax=$ input=0..0(0, 0)
*4:parseResult:    [3..6]<...?includeDef>  syntax=? input=0..0(1, -1)
*4:parseResult:     [4]<...?@file> string:"stdio" syntax=? input=-1..-1(-1, -1) read: "stdio"
*4:parseResult:     [5]<...?@ext> string:".h" syntax=? input=-1..-1(-1, -1) read: ".h"
*4:parseResult:     [6]<...?@sysInclude>  syntax=? input=0..0(0, 0)
*4:parseResult:    [7..33]<...?outside>  syntax=? input=0..0(1, -1)
*4:parseResult:     [8..9]<...?structDecl>  syntax=? input=0..0(1, -1)
*4:parseResult:      [9]<...?name> identifier:LogMessageFW_t syntax=$ input=0..0(0, 0)
*4:parseResult:     [10..13]<...?methodDef>  syntax=? input=0..0(1, -1)
*4:parseResult:      [11..12]<...?type>  syntax=? input=0..0(1, -1)
*4:parseResult:       [12]<...?@name> identifier:void syntax=$ input=0..0(0, 0)
*4:parseResult:      [13]<...?name> identifier:initBlockHeap syntax=$ input=0..0(0, 0)
*4:parseResult:     [14..19]<...?attribute>  syntax=? input=0..0(1, 28)
*4:parseResult:      [15..18]<...?type>  syntax=? input=0..0(1, 6)
*4:parseResult:       [16]<...?@forward>  syntax=? input=0..0(1, 6) read: "struct"
*4:parseResult:       [17]<...?@name> identifier:BlockHeapJc_t syntax=$ input=0..0(0, 0)
*4:parseResult:       [18]<...?@pointer>  syntax=? input=0..0(0, 0)
*4:parseResult:      [19]<...?@name> identifier:pBlockHeapModul1 syntax=$ input=0..0(0, 0)
*4:parseResult:     [20..29]<...?methodDef>  syntax=? input=0..0(1, -1)
*4:parseResult:      [21..22]<...?type>  syntax=? input=0..0(1, -1)
*4:parseResult:       [22]<...?@name> identifier:void syntax=$ input=0..0(0, 0)
*4:parseResult:      [23]<...?name> identifier:setRunModeBlockHeap syntax=$ input=0..0(0, 0)
*4:parseResult:      [24..29]<...?typedParameter>  syntax=? input=0..0(1, 25)
*4:parseResult:       [25..28]<...?type>  syntax=? input=0..0(1, 25)
*4:parseResult:        [26]<...?@forward>  syntax=? input=0..0(1, 25) read: "struct"
*4:parseResult:        [27]<...?@name> identifier:LogMessageFW_t syntax=$ input=0..0(0, 0)
*4:parseResult:        [28]<...?@pointer>  syntax=? input=0..0(0, 0)
*4:parseResult:       [29]<...?@name> identifier:log syntax=$ input=0..0(0, 0)
*4:parseResult:     [30..33]<...?methodDef>  syntax=? input=0..0(1, -1)
*4:parseResult:      [31..32]<...?type>  syntax=? input=0..0(1, -1)
*4:parseResult:       [32]<...?@name> identifier:void syntax=$ input=0..0(0, 0)
*4:parseResult:      [33]<...?name> identifier:garbageCollection syntax=$ input=0..0(0, 0)
*3:generate from testenv.h...
*4:== Report ParserStore  ==
*4:parseResult:   [0..6]<...?Cheader>  syntax=? input=0..0(1, 0)
*4:parseResult:    [1]<...?HeaderEntry> identifier:__testenv_h__ syntax=$ input=0..0(0, 0)
*4:parseResult:    [2]<...?HeaderEntryDef> identifier:__testenv_h__ syntax=$ input=0..0(0, 0)
*4:parseResult:    [3..6]<...?includeDef>  syntax=? input=0..0(1, -1)
*4:parseResult:     [4]<...?@path> string:"simPc/" syntax=? input=-1..-1(-1, -1) read: "simPc/"
*4:parseResult:     [5]<...?@file> string:"iRequireMainController" syntax=? input=-1..-1(-1, -1) read: "iRequireMainController"
*4:parseResult:     [6]<...?@ext> string:".h" syntax=? input=-1..-1(-1, -1) read: ".h"
*3:generate from MainEmulation.h...
*4:== Report ParserStore  ==
*4:parseResult:   [0..71]<...?Cheader>  syntax=? input=0..0(1, 0)
*4:parseResult:    [1]<...?HeaderEntry> identifier:__MainEmulation_h__ syntax=$ input=0..0(0, 0)
*4:parseResult:    [2]<...?HeaderEntryDef> identifier:__MainEmulation_h__ syntax=$ input=0..0(0, 0)
*4:parseResult:    [3..6]<...?includeDef>  syntax=? input=0..0(1, -1)
*4:parseResult:     [4]<...?@path> string:"Jc/" syntax=? input=-1..-1(-1, -1) read: "Jc/"
*4:parseResult:     [5]<...?@file> string:"ObjectJc" syntax=? input=-1..-1(-1, -1) read: "ObjectJc"
*4:parseResult:     [6]<...?@ext> string:".h" syntax=? input=-1..-1(-1, -1) read: ".h"
*4:parseResult:    [7..71]<...?outside>  syntax=? input=0..0(1, -1)
*4:parseResult:     [8..29]<...?structDefinition>  syntax=? input=0..0(1, 14)
*4:parseResult:      [9..11]<...?description>  syntax=? input=0..0(1, 3)
*4:parseResult:       [10]<...?text> string:"The emulated way values because in the example there are no real hardware.|Also if real hardware is exists, a simple simulation in C at PC in such way is recommended.|The way values are affected by output on actuator. See emulation implementation.|" syntax=? input=-1..-1(-1, -1) read: "The emulated way values because in the example there are no real hardware.|Also if real hardware is exists, a simple simulation in C at PC in such way is recommended.|The way values are affected by output on actuator. See emulation implementation.|"
*4:parseResult:       [11]<...?text> string:"" syntax=? input=-1..-1(-1, -1) read: ""
*4:parseResult:      [12]<...?@tagname> identifier:Hardware_t syntax=$ input=0..0(0, 0)
*4:parseResult:      [13..16]<...?attribute>  syntax=? input=0..0(1, 7)
*4:parseResult:       [14..15]<...?type>  syntax=? input=0..0(1, 1)
*4:parseResult:        [15]<...?@name> identifier:int32 syntax=$ input=0..0(0, 0)
*4:parseResult:       [16]<...?@name> identifier:way1 syntax=$ input=0..0(0, 0)
*4:parseResult:      [17..20]<...?attribute>  syntax=? input=0..0(1, 13)
*4:parseResult:       [18..19]<...?type>  syntax=? input=0..0(0, 0)
*4:parseResult:        [19]<...?@name> identifier:int32 syntax=$ input=0..0(0, 0)
*4:parseResult:       [20]<...?@name> identifier:way2 syntax=$ input=0..0(0, 0)
*4:parseResult:      [21..24]<...?attribute>  syntax=? input=0..0(1, 7)
*4:parseResult:       [22..23]<...?type>  syntax=? input=0..0(1, -1)
*4:parseResult:        [23]<...?@name> identifier:int16 syntax=$ input=0..0(0, 0)
*4:parseResult:       [24]<...?@name> identifier:motor1 syntax=$ input=0..0(0, 0)
*4:parseResult:      [25..28]<...?attribute>  syntax=? input=0..0(1, 15)
*4:parseResult:       [26..27]<...?type>  syntax=? input=0..0(0, 0)
*4:parseResult:        [27]<...?@name> identifier:int16 syntax=$ input=0..0(0, 0)
*4:parseResult:       [28]<...?@name> identifier:motor2 syntax=$ input=0..0(0, 0)
*4:parseResult:      [29]<...?@name> identifier:Hardware syntax=$ input=0..0(0, 0)
*4:parseResult:     [30..50]<...?structDefinition>  syntax=? input=0..0(1, 14)
*4:parseResult:      [31]<...?@tagname> identifier:MainEmulation_t syntax=$ input=0..0(0, 0)
*4:parseResult:      [32..35]<...?attribute>  syntax=? input=0..0(1, 10)
*4:parseResult:       [33..34]<...?type>  syntax=? input=0..0(1, -1)
*4:parseResult:        [34]<...?@name> identifier:ObjectJc syntax=$ input=0..0(0, 0)
*4:parseResult:       [35]<...?@name> identifier:object syntax=$ input=0..0(0, 0)
*4:parseResult:      [36..42]<...?attribute>  syntax=? input=0..0(1, 10)
*4:parseResult:       [37..39]<...?description>  syntax=? input=0..0(1, 5)
*4:parseResult:        [38]<...?text> string:"The hardware access values from the real target implementation, " syntax=? input=-1..-1(-1, -1) read: "The hardware access values from the real target implementation, "
*4:parseResult:        [39]<...?text> string:"" syntax=? input=-1..-1(-1, -1) read: ""
*4:parseResult:       [40..41]<...?type>  syntax=? input=0..0(1, -1)
*4:parseResult:        [41]<...?@name> identifier:Hardware syntax=$ input=0..0(0, 0)
*4:parseResult:       [42]<...?@name> identifier:hardware syntax=$ input=0..0(0, 0)
*4:parseResult:      [43..49]<...?attribute>  syntax=? input=0..0(1, 7)
*4:parseResult:       [44..46]<...?description>  syntax=? input=0..0(1, 5)
*4:parseResult:        [45]<...?text> string:"The actuator amplification. " syntax=? input=-1..-1(-1, -1) read: "The actuator amplification. "
*4:parseResult:        [46]<...?text> string:"" syntax=? input=-1..-1(-1, -1) read: ""
*4:parseResult:       [47..48]<...?type>  syntax=? input=0..0(1, -1)
*4:parseResult:        [48]<...?@name> identifier:float syntax=$ input=0..0(0, 0)
*4:parseResult:       [49]<...?@name> identifier:nAmplificationActuator syntax=$ input=0..0(0, 0)
*4:parseResult:      [50]<...?@name> identifier:MainEmulation_s syntax=$ input=0..0(0, 0)
*4:parseResult:     [51..59]<...?methodDef>  syntax=? input=0..0(1, -1)
*4:parseResult:      [52..54]<...?type>  syntax=? input=0..0(1, 8)
*4:parseResult:       [53]<...?@name> identifier:MainEmulation_s syntax=$ input=0..0(0, 0)
*4:parseResult:       [54]<...?@pointer>  syntax=? input=0..0(0, 0)
*4:parseResult:      [55]<...?name> identifier:ctorM_MainEmulation syntax=$ input=0..0(0, 0)
*4:parseResult:      [56..59]<...?typedParameter>  syntax=? input=0..0(1, 46)
*4:parseResult:       [57..58]<...?type>  syntax=? input=0..0(1, 46)
*4:parseResult:        [58]<...?@name> identifier:MemC syntax=$ input=0..0(0, 0)
*4:parseResult:       [59]<...?@name> identifier:mem syntax=$ input=0..0(0, 0)
*4:parseResult:     [60..71]<...?methodDef>  syntax=? input=0..0(1, -1)
*4:parseResult:      [61..63]<...?description>  syntax=? input=0..0(1, 3)
*4:parseResult:       [62]<...?text> string:"The routine to simulate the hardware behaviour. " syntax=? input=-1..-1(-1, -1) read: "The routine to simulate the hardware behaviour. "
*4:parseResult:       [63]<...?text> string:"" syntax=? input=-1..-1(-1, -1) read: ""
*4:parseResult:      [64..65]<...?type>  syntax=? input=0..0(1, 8)
*4:parseResult:       [65]<...?@name> identifier:void syntax=$ input=0..0(0, 0)
*4:parseResult:      [66]<...?name> identifier:step_MainEmulation syntax=$ input=0..0(0, 0)
*4:parseResult:      [67..71]<...?typedParameter>  syntax=? input=0..0(1, 33)
*4:parseResult:       [68..70]<...?type>  syntax=? input=0..0(1, 33)
*4:parseResult:        [69]<...?@name> identifier:MainEmulation_s syntax=$ input=0..0(0, 0)
*4:parseResult:        [70]<...?@pointer>  syntax=? input=0..0(0, 0)
*4:parseResult:       [71]<...?@name> identifier:ythis syntax=$ input=0..0(0, 0)Hardware...MainEmulation_s...
*3:...finished.